2026-09-07 22:23:36,769 - INFO - 📁 База знаний: ..\knowledge_base
2026-09-07 22:23:36,769 - INFO - 📁 Индекс: ..\task-3\faiss_index
2026-09-07 22:23:36,887 - INFO - Load pretrained SentenceTransformer: all-MiniLM-L6-v2
2026-09-07 22:23:40,532 - INFO - 📄 Найдено новых/измененных файлов: 46
2026-09-07 22:23:40,532 - INFO -    - Alderaan.txt
2026-09-07 22:23:40,532 - INFO -    - Anakin_Skywalker.txt
2026-09-07 22:23:40,532 - INFO -    - BB-8.txt
2026-09-07 22:23:40,533 - INFO -    - Boba_Fett.txt
2026-09-07 22:23:40,533 - INFO -    - C-3PO.txt
2026-09-07 22:23:40,533 - INFO -    - Chewbacca.txt
2026-09-07 22:23:40,533 - INFO -    - Clone_Trooper.txt
2026-09-07 22:23:40,533 - INFO -    - Cloud_City.txt
2026-09-07 22:23:40,533 - INFO -    - Coruscant.txt
2026-09-07 22:23:40,533 - INFO -    - Dagobah.txt
2026-09-07 22:23:40,533 - INFO -    - Darth_Maul.txt
2026-09-07 22:23:40,533 - INFO -    - Darth_Sidious.txt
2026-09-07 22:23:40,533 - INFO -    - Darth_Vader.txt
2026-09-07 22:23:40,533 - INFO -    - Death_Star.txt
2026-09-07 22:23:40,533 - INFO -    - Emperor_Palpatine.txt
2026-09-07 22:23:40,533 - INFO -    - Endor.txt
2026-09-07 22:23:40,533 - INFO -    - Executor.txt
2026-09-07 22:23:40,533 - INFO -    - Finn.txt
2026-09-07 22:23:40,533 - INFO -    - Han_Solo.txt
2026-09-07 22:23:40,533 - INFO -    - Hoth.txt
2026-09-07 22:23:40,533 - INFO -    - Jabba_the_Hutt.txt
2026-09-07 22:23:40,533 - INFO -    - Jango_Fett.txt
2026-09-07 22:23:40,533 - INFO -    - Jedi.txt
2026-09-07 22:23:40,533 - INFO -    - Kamino.txt
2026-09-07 22:23:40,533 - INFO -    - Kylo_Ren.txt
2026-09-07 22:23:40,533 - INFO -    - Lightsaber.txt
2026-09-07 22:23:40,533 - INFO -    - Luke_Skywalker.txt
2026-09-07 22:23:40,533 - INFO -    - malicious.txt
2026-09-07 22:23:40,533 - INFO -    - Mandalorian.txt
2026-09-07 22:23:40,533 - INFO -    - Millennium_Falcon.txt
2026-09-07 22:23:40,533 - INFO -    - Mustafar.txt
2026-09-07 22:23:40,533 - INFO -    - Naboo.txt
2026-09-07 22:23:40,533 - INFO -    - Obi-Wan_Kenobi.txt
2026-09-07 22:23:40,533 - INFO -    - Poe_Dameron.txt
2026-09-07 22:23:40,533 - INFO -    - Princess_Leia.txt
2026-09-07 22:23:40,533 - INFO -    - R2-D2.txt
2026-09-07 22:23:40,533 - INFO -    - Rey.txt
2026-09-07 22:23:40,533 - INFO -    - Sith.txt
2026-09-07 22:23:40,533 - INFO -    - Starkiller_Base.txt
2026-09-07 22:23:40,533 - INFO -    - Star_Destroyer.txt
2026-09-07 22:23:40,533 - INFO -    - Stormtrooper.txt
2026-09-07 22:23:40,533 - INFO -    - Tatooine.txt
2026-09-07 22:23:40,533 - INFO -    - The_Force.txt
2026-09-07 22:23:40,533 - INFO -    - TIE_Fighter.txt
2026-09-07 22:23:40,533 - INFO -    - X-wing.txt
2026-09-07 22:23:40,533 - INFO -    - Yoda.txt
2026-09-07 22:24:08,895 - INFO - 📁 База знаний: ..\knowledge_base
2026-09-07 22:24:08,895 - INFO - 📁 Индекс: ..\task-3\faiss_index
2026-09-07 22:24:09,016 - INFO - Load pretrained SentenceTransformer: all-MiniLM-L6-v2
2026-09-07 22:24:11,949 - INFO - ==================================================
2026-09-07 22:24:11,949 - INFO - 🔄 ЗАПУСК ОБНОВЛЕНИЯ ИНДЕКСА
2026-09-07 22:24:11,950 - INFO - ==================================================
2026-09-07 22:24:11,959 - INFO - 📄 Найдено новых/измененных файлов: 46
2026-09-07 22:24:11,959 - INFO -    ✅ Alderaan.txt
2026-09-07 22:24:11,973 - INFO -    ✅ Anakin_Skywalker.txt
2026-09-07 22:24:11,977 - INFO -    ✅ BB-8.txt
2026-09-07 22:24:11,979 - INFO -    ✅ Boba_Fett.txt
2026-09-07 22:24:11,982 - INFO -    ✅ C-3PO.txt
2026-09-07 22:24:11,982 - INFO -    ✅ Chewbacca.txt
2026-09-07 22:24:11,985 - INFO -    ✅ Clone_Trooper.txt
2026-09-07 22:24:11,985 - INFO -    ✅ Cloud_City.txt
2026-09-07 22:24:11,986 - INFO -    ✅ Coruscant.txt
2026-09-07 22:24:11,986 - INFO -    ✅ Dagobah.txt
2026-09-07 22:24:11,989 - INFO -    ✅ Darth_Maul.txt
2026-09-07 22:24:11,992 - INFO -    ✅ Darth_Sidious.txt
2026-09-07 22:24:12,002 - INFO -    ✅ Darth_Vader.txt
2026-09-07 22:24:12,002 - INFO -    ✅ Death_Star.txt
2026-09-07 22:24:12,008 - INFO -    ✅ Emperor_Palpatine.txt
2026-09-07 22:24:12,009 - INFO -    ✅ Endor.txt
2026-09-07 22:24:12,009 - INFO -    ✅ Executor.txt
2026-09-07 22:24:12,009 - INFO -    ✅ Finn.txt
2026-09-07 22:24:12,013 - INFO -    ✅ Han_Solo.txt
2026-09-07 22:24:12,013 - INFO -    ✅ Hoth.txt
2026-09-07 22:24:12,013 - INFO -    ✅ Jabba_the_Hutt.txt
2026-09-07 22:24:12,013 - INFO -    ✅ Jango_Fett.txt
2026-09-07 22:24:12,013 - INFO -    ✅ Jedi.txt
2026-09-07 22:24:12,013 - INFO -    ✅ Kamino.txt
2026-09-07 22:24:12,019 - INFO -    ✅ Kylo_Ren.txt
2026-09-07 22:24:12,019 - INFO -    ✅ Lightsaber.txt
2026-09-07 22:24:12,029 - INFO -    ✅ Luke_Skywalker.txt
2026-09-07 22:24:12,030 - WARNING - ⚠️ Пропущен вредоносный файл: malicious.txt
2026-09-07 22:24:12,030 - INFO -    ✅ Mandalorian.txt
2026-09-07 22:24:12,030 - INFO -    ✅ Millennium_Falcon.txt
2026-09-07 22:24:12,030 - INFO -    ✅ Mustafar.txt
2026-09-07 22:24:12,030 - INFO -    ✅ Naboo.txt
2026-09-07 22:24:12,038 - INFO -    ✅ Obi-Wan_Kenobi.txt
2026-09-07 22:24:12,041 - INFO -    ✅ Poe_Dameron.txt
2026-09-07 22:24:12,046 - INFO -    ✅ Princess_Leia.txt
2026-09-07 22:24:12,049 - INFO -    ✅ R2-D2.txt
2026-09-07 22:24:12,052 - INFO -    ✅ Rey.txt
2026-09-07 22:24:12,052 - INFO -    ✅ Sith.txt
2026-09-07 22:24:12,053 - INFO -    ✅ Starkiller_Base.txt
2026-09-07 22:24:12,053 - INFO -    ✅ Star_Destroyer.txt
2026-09-07 22:24:12,053 - INFO -    ✅ Stormtrooper.txt
2026-09-07 22:24:12,055 - INFO -    ✅ Tatooine.txt
2026-09-07 22:24:12,057 - INFO -    ✅ The_Force.txt
2026-09-07 22:24:12,057 - INFO -    ✅ TIE_Fighter.txt
2026-09-07 22:24:12,058 - INFO -    ✅ X-wing.txt
2026-09-07 22:24:12,061 - INFO -    ✅ Yoda.txt
2026-09-07 22:25:04,699 - INFO - ✂️ Создано 10138 чанков
2026-09-07 22:25:04,699 - INFO - Loading faiss with AVX2 support.
2026-09-07 22:25:04,718 - INFO - Successfully loaded faiss with AVX2 support.
2026-09-07 22:25:04,810 - INFO - 📥 Загружен существующий индекс (17430 векторов)
2026-09-07 22:27:17,941 - INFO - 💾 Индекс сохранен (27568 векторов)
2026-09-07 22:27:17,958 - INFO - ⏱️ Время: 186.01с
2026-09-07 22:27:17,958 - INFO - ✅ Добавлено: 46 файлов, 10138 чанков, ошибок: 1
2026-09-07 22:30:40,435 - INFO - 📁 База знаний: ..\knowledge_base
2026-09-07 22:30:40,435 - INFO - 📁 Индекс: ..\task-3\faiss_index
2026-09-07 22:30:40,548 - INFO - Load pretrained SentenceTransformer: all-MiniLM-L6-v2
2026-09-07 22:30:43,528 - INFO - ✅ Новых файлов нет
2026-09-07 22:43:21,982 - INFO - 📁 База знаний: ..\knowledge_base
2026-09-07 22:43:21,982 - INFO - 📁 Индекс: ..\task-3\faiss_index
2026-09-07 22:43:22,106 - INFO - Load pretrained SentenceTransformer: all-MiniLM-L6-v2
2026-09-07 22:43:25,652 - INFO - 📄 Найдено новых/измененных файлов: 1
2026-09-07 22:43:25,652 - INFO -    - Alderaan copy.txt
2026-09-07 22:52:11,483 - INFO - 📁 База знаний: ..\knowledge_base
2026-09-07 22:52:11,483 - INFO - 📁 Индекс: ..\task-3\faiss_index
2026-09-07 22:52:11,592 - INFO - Load pretrained SentenceTransformer: all-MiniLM-L6-v2
2026-09-07 22:52:14,593 - INFO - ==================================================
2026-09-07 22:52:14,593 - INFO - 🔄 ЗАПУСК ОБНОВЛЕНИЯ ИНДЕКСА
2026-09-07 22:52:14,593 - INFO - ==================================================
2026-09-07 22:52:14,608 - INFO - 📄 Найдено новых/измененных файлов: 1
2026-09-07 22:52:14,608 - INFO -    ✅ Low_Altitude_Assault_Transport.txt
2026-09-07 22:52:14,770 - INFO - ✂️ Создано 39 чанков
2026-09-07 22:52:14,772 - INFO - Loading faiss with AVX2 support.
2026-09-07 22:52:14,784 - INFO - Successfully loaded faiss with AVX2 support.
2026-09-07 22:52:14,970 - INFO - 📥 Загружен существующий индекс (27568 векторов)
2026-09-07 22:52:15,543 - INFO - 💾 Индекс сохранен (27607 векторов)
2026-09-07 22:52:15,543 - INFO - ⏱️ Время: 0.95с
2026-09-07 22:52:15,543 - INFO - ✅ Добавлено: 1 файлов, 39 чанков, ошибок: 0
2026-09-07 22:58:33,684 - INFO - 📁 База знаний: ..\knowledge_base
2026-09-07 22:58:33,684 - INFO - 📁 Индекс: ..\task-3\faiss_index
2026-09-07 22:58:33,794 - INFO - Load pretrained SentenceTransformer: all-MiniLM-L6-v2
2026-09-07 22:58:37,363 - INFO - 📄 Найдено новых/измененных файлов: 1
2026-09-07 22:58:37,363 - INFO -    - wiki_Low_Altitude_Assault_Transport.txt
2026-09-07 22:58:45,715 - INFO - 📁 База знаний: ..\knowledge_base
2026-09-07 22:58:45,715 - INFO - 📁 Индекс: ..\task-3\faiss_index
2026-09-07 22:58:45,824 - INFO - Load pretrained SentenceTransformer: all-MiniLM-L6-v2
2026-09-07 22:58:48,641 - INFO - 📄 Найдено новых/измененных файлов: 1
2026-09-07 22:58:48,641 - INFO -    - wiki_Low_Altitude_Assault_Transport.txt
2026-09-07 22:58:55,113 - INFO - 📁 База знаний: ..\knowledge_base
2026-09-07 22:58:55,113 - INFO - 📁 Индекс: ..\task-3\faiss_index
2026-09-07 22:58:55,223 - INFO - Load pretrained SentenceTransformer: all-MiniLM-L6-v2
2026-09-07 22:58:58,555 - INFO - ==================================================
2026-09-07 22:58:58,555 - INFO - 🔄 ЗАПУСК ОБНОВЛЕНИЯ ИНДЕКСА
2026-09-07 22:58:58,555 - INFO - ==================================================
2026-09-07 22:58:58,567 - INFO - 📄 Найдено новых/измененных файлов: 1
2026-09-07 22:58:58,568 - INFO -    ✅ wiki_Low_Altitude_Assault_Transport.txt
2026-09-07 22:58:58,730 - INFO - ✂️ Создано 68 чанков
2026-09-07 22:58:58,733 - INFO - Loading faiss with AVX2 support.
2026-09-07 22:58:58,742 - INFO - Successfully loaded faiss with AVX2 support.
2026-09-07 22:58:58,917 - INFO - 📥 Загружен существующий индекс (27607 векторов)
2026-09-07 22:58:59,606 - INFO - 💾 Индекс сохранен (27675 векторов)
2026-09-07 22:58:59,606 - INFO - ⏱️ Время: 1.05с
2026-09-07 22:58:59,606 - INFO - ✅ Добавлено: 1 файлов, 68 чанков, ошибок: 0
2026-09-07 23:04:59,552 - INFO - 📁 База знаний: ..\knowledge_base
2026-09-07 23:04:59,552 - INFO - 📁 Индекс: ..\task-3\faiss_index
2026-09-07 23:04:59,663 - INFO - Load pretrained SentenceTransformer: all-MiniLM-L6-v2
2026-09-07 23:05:03,374 - INFO - ==================================================
2026-09-07 23:05:03,374 - INFO - 🔄 ЗАПУСК ОБНОВЛЕНИЯ ИНДЕКСА
2026-09-07 23:05:03,374 - INFO - ==================================================
2026-09-07 23:05:03,388 - INFO - 📄 Найдено новых/измененных файлов: 1
2026-09-07 23:05:03,388 - INFO -    ✅ Low_Altitude_Assault_Transport.txt
2026-09-07 23:05:03,570 - INFO - ✂️ Создано 68 чанков
2026-09-07 23:05:03,571 - INFO - Loading faiss with AVX2 support.
2026-09-07 23:05:03,583 - INFO - Successfully loaded faiss with AVX2 support.
2026-09-07 23:05:03,755 - INFO - 📥 Загружен существующий индекс (27675 векторов)
2026-09-07 23:05:04,453 - INFO - 💾 Индекс сохранен (27743 векторов)
2026-09-07 23:05:04,453 - INFO - ⏱️ Время: 1.08с
2026-09-07 23:05:04,453 - INFO - ✅ Добавлено: 1 файлов, 68 чанков, ошибок: 0
2026-09-07 23:11:55,429 - INFO - 📁 База знаний: ..\knowledge_base
2026-09-07 23:11:55,429 - INFO - 📁 Индекс: ..\task-3\faiss_index
2026-09-07 23:11:55,551 - INFO - Load pretrained SentenceTransformer: all-MiniLM-L6-v2
2026-09-07 23:11:59,476 - INFO - 📄 Найдено новых/измененных файлов: 1
2026-09-07 23:11:59,476 - INFO -    - Low_Altitude_Assault_Transport.txt
2026-09-07 23:12:05,893 - INFO - 📁 База знаний: ..\knowledge_base
2026-09-07 23:12:05,893 - INFO - 📁 Индекс: ..\task-3\faiss_index
2026-09-07 23:12:06,009 - INFO - Load pretrained SentenceTransformer: all-MiniLM-L6-v2
2026-09-07 23:12:10,500 - INFO - ==================================================
2026-09-07 23:12:10,500 - INFO - 🔄 ЗАПУСК ОБНОВЛЕНИЯ ИНДЕКСА
2026-09-07 23:12:10,500 - INFO - ==================================================
2026-09-07 23:12:10,512 - INFO - 📄 Найдено новых/измененных файлов: 1
2026-09-07 23:12:10,512 - INFO -    ✅ Low_Altitude_Assault_Transport.txt
2026-09-07 23:12:10,682 - INFO - ✂️ Создано 68 чанков
2026-09-07 23:12:10,684 - INFO - Loading faiss with AVX2 support.
2026-09-07 23:12:10,688 - INFO - Successfully loaded faiss with AVX2 support.
2026-09-07 23:12:10,857 - INFO - 📥 Загружен существующий индекс (27743 векторов)
2026-09-07 23:12:11,540 - INFO - 💾 Индекс сохранен (27811 векторов)
2026-09-07 23:12:11,540 - INFO - ⏱️ Время: 1.04с
2026-09-07 23:12:11,540 - INFO - ✅ Добавлено: 1 файлов, 68 чанков, ошибок: 0
2026-09-07 23:22:27,871 - INFO - 📁 База знаний: ..\knowledge_base
2026-09-07 23:22:27,871 - INFO - 📁 Индекс: ..\task-3\faiss_index
2026-09-07 23:22:27,977 - INFO - Load pretrained SentenceTransformer: all-MiniLM-L6-v2
2026-09-07 23:22:31,747 - INFO - ==================================================
2026-09-07 23:22:31,747 - INFO - 🔄 ЗАПУСК ОБНОВЛЕНИЯ ИНДЕКСА
2026-09-07 23:22:31,747 - INFO - ==================================================
2026-09-07 23:22:31,760 - INFO - ✅ Новых файлов не найдено
2026-09-07 23:30:15,039 - INFO - 📁 База знаний: ..\knowledge_base
2026-09-07 23:30:15,041 - INFO - 📁 Индекс: ..\task-3\faiss_index
2026-09-07 23:30:15,159 - INFO - Load pretrained SentenceTransformer: all-MiniLM-L6-v2
2026-09-07 23:30:18,712 - INFO - 📄 Найдено новых/измененных файлов: 1
2026-09-07 23:30:18,712 - INFO -    - Low_Altitude_Assault_Transport.txt
2026-09-07 23:30:27,017 - INFO - 📁 База знаний: ..\knowledge_base
2026-09-07 23:30:27,017 - INFO - 📁 Индекс: ..\task-3\faiss_index
2026-09-07 23:30:27,132 - INFO - Load pretrained SentenceTransformer: all-MiniLM-L6-v2
2026-09-07 23:30:30,652 - INFO - ==================================================
2026-09-07 23:30:30,652 - INFO - 🔄 ЗАПУСК ОБНОВЛЕНИЯ ИНДЕКСА
2026-09-07 23:30:30,652 - INFO - ==================================================
2026-09-07 23:30:30,670 - INFO - 📄 Найдено новых/измененных файлов: 1
2026-09-07 23:30:30,671 - INFO -    ✅ Low_Altitude_Assault_Transport.txt
2026-09-07 23:30:30,834 - INFO - ✂️ Создано 68 чанков
2026-09-07 23:30:30,837 - INFO - Loading faiss with AVX2 support.
2026-09-07 23:30:30,848 - INFO - Successfully loaded faiss with AVX2 support.
2026-09-07 23:30:31,019 - INFO - 📥 Загружен существующий индекс (27811 векторов)
2026-09-07 23:30:31,724 - INFO - 💾 Индекс сохранен (27879 векторов)
2026-09-07 23:30:31,727 - INFO - ⏱️ Время: 1.08с
2026-09-07 23:30:31,727 - INFO - ✅ Добавлено: 1 файлов, 68 чанков, ошибок: 0
2026-09-07 23:43:50,186 - INFO - 📁 База знаний: ..\knowledge_base
2026-09-07 23:43:50,187 - INFO - 📁 Индекс: ..\task-3\faiss_index
2026-09-07 23:43:50,296 - INFO - Load pretrained SentenceTransformer: all-MiniLM-L6-v2
2026-09-07 23:43:53,402 - INFO - ==================================================
2026-09-07 23:43:53,402 - INFO - 🔄 ЗАПУСК ОБНОВЛЕНИЯ ИНДЕКСА
2026-09-07 23:43:53,402 - INFO - ==================================================
2026-09-07 23:43:53,417 - INFO - 📄 Найдено новых/измененных файлов: 1
2026-09-07 23:43:53,417 - INFO -    ✅ All_Terrain_Tactical_Enforcer.txt
2026-09-07 23:43:53,557 - INFO - ✂️ Создано 63 чанков
2026-09-07 23:43:53,565 - INFO - Loading faiss with AVX2 support.
2026-09-07 23:43:53,576 - INFO - Successfully loaded faiss with AVX2 support.
2026-09-07 23:43:53,737 - INFO - 📥 Загружен существующий индекс (27879 векторов)
2026-09-07 23:43:54,419 - INFO - 💾 Индекс сохранен (27942 векторов)
2026-09-07 23:43:54,419 - INFO - ⏱️ Время: 1.02с
2026-09-07 23:43:54,419 - INFO - ✅ Добавлено: 1 файлов, 63 чанков, ошибок: 0
2026-09-07 23:56:31,816 - INFO - 📁 База знаний: ..\knowledge_base
2026-09-07 23:56:31,816 - INFO - 📁 Индекс: ..\task-3\faiss_index
2026-09-07 23:56:31,935 - INFO - Load pretrained SentenceTransformer: all-MiniLM-L6-v2
2026-09-07 23:56:34,866 - INFO - ==================================================
2026-09-07 23:56:34,866 - INFO - 🔄 ЗАПУСК ОБНОВЛЕНИЯ ИНДЕКСА
2026-09-07 23:56:34,866 - INFO - ==================================================
2026-09-07 23:56:34,880 - INFO - 📄 Найдено новых/измененных файлов: 1
2026-09-07 23:56:34,881 - INFO -    ✅ Low_Altitude_Assault_Transport.txt
2026-09-07 23:56:35,052 - INFO - ✂️ Создано 70 чанков
2026-09-07 23:56:35,052 - INFO - Loading faiss with AVX2 support.
2026-09-07 23:56:35,066 - INFO - Successfully loaded faiss with AVX2 support.
2026-09-07 23:56:35,252 - INFO - 📥 Загружен существующий индекс (27942 векторов)
2026-09-07 23:56:35,983 - INFO - 💾 Индекс сохранен (28012 векторов)
2026-09-07 23:56:35,983 - INFO - ⏱️ Время: 1.12с
2026-09-07 23:56:35,983 - INFO - ✅ Добавлено: 1 файлов, 70 чанков, ошибок: 0
2026-09-07 23:57:36,009 - INFO - 📁 База знаний: ..\knowledge_base
2026-09-07 23:57:36,009 - INFO - 📁 Индекс: ..\task-3\faiss_index
2026-09-07 23:57:36,129 - INFO - Load pretrained SentenceTransformer: all-MiniLM-L6-v2
2026-09-07 23:57:39,356 - INFO - ==================================================
2026-09-07 23:57:39,356 - INFO - 🔄 ЗАПУСК ОБНОВЛЕНИЯ ИНДЕКСА
2026-09-07 23:57:39,356 - INFO - ==================================================
2026-09-07 23:57:39,369 - INFO - 📄 Найдено новых/измененных файлов: 1
2026-09-07 23:57:39,370 - INFO -    ✅ Low_Altitude_Assault_Transport.txt
2026-09-07 23:57:39,548 - INFO - ✂️ Создано 70 чанков
2026-09-07 23:57:39,549 - INFO - Loading faiss with AVX2 support.
2026-09-07 23:57:39,560 - INFO - Successfully loaded faiss with AVX2 support.
2026-09-07 23:57:39,731 - INFO - 📥 Загружен существующий индекс (28012 векторов)
2026-09-07 23:57:40,428 - INFO - 💾 Индекс сохранен (28082 векторов)
2026-09-07 23:57:40,428 - INFO - ⏱️ Время: 1.07с
2026-09-07 23:57:40,428 - INFO - ✅ Добавлено: 1 файлов, 70 чанков, ошибок: 0
2026-09-07 23:58:15,056 - INFO - 📁 База знаний: ..\knowledge_base
2026-09-07 23:58:15,056 - INFO - 📁 Индекс: ..\task-3\faiss_index
2026-09-07 23:58:15,169 - INFO - Load pretrained SentenceTransformer: all-MiniLM-L6-v2
2026-09-07 23:58:18,713 - INFO - ==================================================
2026-09-07 23:58:18,713 - INFO - 🔄 ЗАПУСК ОБНОВЛЕНИЯ ИНДЕКСА
2026-09-07 23:58:18,713 - INFO - ==================================================
2026-09-07 23:58:18,726 - INFO - 📄 Найдено новых/измененных файлов: 1
2026-09-07 23:58:18,726 - INFO -    ✅ Low_Altitude_Assault_Transport.txt
2026-09-07 23:58:18,889 - INFO - ✂️ Создано 70 чанков
2026-09-07 23:58:18,894 - INFO - Loading faiss with AVX2 support.
2026-09-07 23:58:18,905 - INFO - Successfully loaded faiss with AVX2 support.
2026-09-07 23:58:19,086 - INFO - 📥 Загружен существующий индекс (28082 векторов)
2026-09-07 23:58:19,786 - INFO - 💾 Индекс сохранен (28152 векторов)
2026-09-07 23:58:19,786 - INFO - ⏱️ Время: 1.07с
2026-09-07 23:58:19,786 - INFO - ✅ Добавлено: 1 файлов, 70 чанков, ошибок: 0
2026-09-08 00:03:42,730 - INFO - 📁 База знаний: ..\knowledge_base
2026-09-08 00:03:42,730 - INFO - 📁 Индекс: ..\task-3\faiss_index
2026-09-08 00:03:42,841 - INFO - Load pretrained SentenceTransformer: all-MiniLM-L6-v2
2026-09-08 00:03:46,541 - INFO - ==================================================
2026-09-08 00:03:46,541 - INFO - 🔄 ЗАПУСК ОБНОВЛЕНИЯ ИНДЕКСА
2026-09-08 00:03:46,541 - INFO - ==================================================
2026-09-08 00:03:46,556 - INFO - ✅ Новых файлов не найдено
2026-09-08 00:05:45,933 - INFO - 📁 База знаний: ..\knowledge_base
2026-09-08 00:05:45,933 - INFO - 📁 Индекс: ..\task-3\faiss_index
2026-09-08 00:05:46,060 - INFO - Load pretrained SentenceTransformer: all-MiniLM-L6-v2
2026-09-08 00:05:49,607 - INFO - ==================================================
2026-09-08 00:05:49,607 - INFO - 🔄 ЗАПУСК ОБНОВЛЕНИЯ ИНДЕКСА
2026-09-08 00:05:49,607 - INFO - ==================================================
2026-09-08 00:05:49,620 - INFO - 📄 Найдено новых/измененных файлов: 1
2026-09-08 00:05:49,620 - INFO -    ✅ ATTE.txt
2026-09-08 00:05:49,770 - INFO - ✂️ Создано 63 чанков
2026-09-08 00:05:49,770 - INFO - Loading faiss with AVX2 support.
2026-09-08 00:05:49,784 - INFO - Successfully loaded faiss with AVX2 support.
2026-09-08 00:05:49,960 - INFO - 📥 Загружен существующий индекс (28152 векторов)
2026-09-08 00:05:50,630 - INFO - 💾 Индекс сохранен (28215 векторов)
2026-09-08 00:05:50,631 - INFO - ⏱️ Время: 1.02с
2026-09-08 00:05:50,631 - INFO - ✅ Добавлено: 1 файлов, 63 чанков, ошибок: 0
